{
   "app": {
      "name": "Template Application"
   },
   "build": {
      "artifact": "app-template",
      "group": "com.vervetronics.cloudapp",
      "name": "app-template",
      "version": "0.0.1-SNAPSHOT"
   }
}
