FactoryDeviceId,SensorId,Timestamp,Value
55AA55AA55AA55AA55AA55AA55AA0000,1,2020-12-28T12:00:00Z,01020304
55AA55AA55AA55AA55AA55AA55AA0000,1,2020-12-28T12:00:00Z,01020305
55AA55AA55AA55AA55AA55AA55AA0000,1,2020-12-28T12:00:00Z,01020306
