[
  "55AA55AA55AA55AA55AA55AA55AA0000",
  "55AA55AA55AA55AA55AA55AA55AA0001"
]
